natif natif-p24 160 s
natif natif-p30 47 s
natif natif-p2-7801 9 s

natif
  choice · 1 appui           10 décidés · 0 faux / 6 jugés 
  choice · 2 appuis          14 décidés · 0 faux / 12 jugés 
  first-pass · 0 appui       46 décidés · 0 faux / 37 jugés 
  first-pass · 1 appui       41 décidés · 0 faux / 28 jugés 
  first-pass · 2 appuis      58 décidés · 0 faux / 51 jugés 
  window · 1 appui            2 décidés · 0 faux / 2 jugés 
  window · 2 appuis           9 décidés · 0 faux / 7 jugés 

pilote

tout
  choice · 1 appui           10 décidés · 0 faux / 6 jugés 
  choice · 2 appuis          14 décidés · 0 faux / 12 jugés 
  first-pass · 0 appui       46 décidés · 0 faux / 37 jugés 
  first-pass · 1 appui       41 décidés · 0 faux / 28 jugés 
  first-pass · 2 appuis      58 décidés · 0 faux / 51 jugés 
  window · 1 appui            2 décidés · 0 faux / 2 jugés 
  window · 2 appuis           9 décidés · 0 faux / 7 jugés 

règles, natif
  actuelle                                   180 appliqués · 0 faux / 143 jugés · écartés 0 (justes 0, faux 0, non jugés 0)
  choix : 2 appuis au moins                  170 appliqués · 0 faux / 137 jugés · écartés 10 (justes 6, faux 0, non jugés 4)
  choix : à 10 mm de la prédiction au plus   179 appliqués · 0 faux / 142 jugés · écartés 1 (justes 1, faux 0, non jugés 0)

règles, pilote
  actuelle                                   0 appliqués · 0 faux / 0 jugés · écartés 0 (justes 0, faux 0, non jugés 0)
  choix : 2 appuis au moins                  0 appliqués · 0 faux / 0 jugés · écartés 0 (justes 0, faux 0, non jugés 0)
  choix : à 10 mm de la prédiction au plus   0 appliqués · 0 faux / 0 jugés · écartés 0 (justes 0, faux 0, non jugés 0)

règles, tout
  actuelle                                   180 appliqués · 0 faux / 143 jugés · écartés 0 (justes 0, faux 0, non jugés 0)
  choix : 2 appuis au moins                  170 appliqués · 0 faux / 137 jugés · écartés 10 (justes 6, faux 0, non jugés 4)
  choix : à 10 mm de la prédiction au plus   179 appliqués · 0 faux / 142 jugés · écartés 1 (justes 1, faux 0, non jugés 0)
