natif natif-p24 154 s
natif natif-p30 46 s
natif natif-p2-7801 6 s

natif
  choice · 1 appui            6 décidés · 0 faux / 2 jugés 
  choice · 2 appuis           8 décidés · 0 faux / 6 jugés 
  crossing · 0 appui         11 décidés · 0 faux / 6 jugés 
  crossing · 1 appui          5 décidés · 0 faux / 5 jugés 
  crossing · 2 appuis         6 décidés · 0 faux / 6 jugés 
  first-pass · 0 appui       48 décidés · 0 faux / 39 jugés 
  first-pass · 1 appui       43 décidés · 0 faux / 29 jugés 
  first-pass · 2 appuis      52 décidés · 0 faux / 46 jugés 
  window · 1 appui            1 décidés · 0 faux / 1 jugés 
  window · 2 appuis           7 décidés · 0 faux / 5 jugés 

pilote

tout
  choice · 1 appui            6 décidés · 0 faux / 2 jugés 
  choice · 2 appuis           8 décidés · 0 faux / 6 jugés 
  crossing · 0 appui         11 décidés · 0 faux / 6 jugés 
  crossing · 1 appui          5 décidés · 0 faux / 5 jugés 
  crossing · 2 appuis         6 décidés · 0 faux / 6 jugés 
  first-pass · 0 appui       48 décidés · 0 faux / 39 jugés 
  first-pass · 1 appui       43 décidés · 0 faux / 29 jugés 
  first-pass · 2 appuis      52 décidés · 0 faux / 46 jugés 
  window · 1 appui            1 décidés · 0 faux / 1 jugés 
  window · 2 appuis           7 décidés · 0 faux / 5 jugés 

règles, natif
  actuelle                                   187 appliqués · 0 faux / 145 jugés · écartés 0 (justes 0, faux 0, non jugés 0)
  choix : 2 appuis au moins                  181 appliqués · 0 faux / 143 jugés · écartés 6 (justes 2, faux 0, non jugés 4)
  choix : à 10 mm de la prédiction au plus   187 appliqués · 0 faux / 145 jugés · écartés 0 (justes 0, faux 0, non jugés 0)

règles, pilote
  actuelle                                   0 appliqués · 0 faux / 0 jugés · écartés 0 (justes 0, faux 0, non jugés 0)
  choix : 2 appuis au moins                  0 appliqués · 0 faux / 0 jugés · écartés 0 (justes 0, faux 0, non jugés 0)
  choix : à 10 mm de la prédiction au plus   0 appliqués · 0 faux / 0 jugés · écartés 0 (justes 0, faux 0, non jugés 0)

règles, tout
  actuelle                                   187 appliqués · 0 faux / 145 jugés · écartés 0 (justes 0, faux 0, non jugés 0)
  choix : 2 appuis au moins                  181 appliqués · 0 faux / 143 jugés · écartés 6 (justes 2, faux 0, non jugés 4)
  choix : à 10 mm de la prédiction au plus   187 appliqués · 0 faux / 145 jugés · écartés 0 (justes 0, faux 0, non jugés 0)
