lot pilote-p31-4.7.8 24 s
lot pilote-p31-fin-4.7.9 92 s

natif

pilote
  choice · 1 appui            1 décidés · 0 faux / 1 jugés 
  choice · 2 appuis           5 décidés · 0 faux / 4 jugés 
  first-pass · 0 appui       32 décidés · 0 faux / 30 jugés 
  first-pass · 1 appui       17 décidés · 0 faux / 17 jugés 
  first-pass · 2 appuis      30 décidés · 0 faux / 29 jugés 
  window · 1 appui            3 décidés · 0 faux / 3 jugés 
  window · 2 appuis           7 décidés · 0 faux / 7 jugés 

tout
  choice · 1 appui            1 décidés · 0 faux / 1 jugés 
  choice · 2 appuis           5 décidés · 0 faux / 4 jugés 
  first-pass · 0 appui       32 décidés · 0 faux / 30 jugés 
  first-pass · 1 appui       17 décidés · 0 faux / 17 jugés 
  first-pass · 2 appuis      30 décidés · 0 faux / 29 jugés 
  window · 1 appui            3 décidés · 0 faux / 3 jugés 
  window · 2 appuis           7 décidés · 0 faux / 7 jugés 

règles, natif
  actuelle                                   0 appliqués · 0 faux / 0 jugés · écartés 0 (justes 0, faux 0, non jugés 0)
  choix : 2 appuis au moins                  0 appliqués · 0 faux / 0 jugés · écartés 0 (justes 0, faux 0, non jugés 0)
  choix : à 10 mm de la prédiction au plus   0 appliqués · 0 faux / 0 jugés · écartés 0 (justes 0, faux 0, non jugés 0)

règles, pilote
  actuelle                                   95 appliqués · 0 faux / 91 jugés · écartés 0 (justes 0, faux 0, non jugés 0)
  choix : 2 appuis au moins                  94 appliqués · 0 faux / 90 jugés · écartés 1 (justes 1, faux 0, non jugés 0)
  choix : à 10 mm de la prédiction au plus   95 appliqués · 0 faux / 91 jugés · écartés 0 (justes 0, faux 0, non jugés 0)

règles, tout
  actuelle                                   95 appliqués · 0 faux / 91 jugés · écartés 0 (justes 0, faux 0, non jugés 0)
  choix : 2 appuis au moins                  94 appliqués · 0 faux / 90 jugés · écartés 1 (justes 1, faux 0, non jugés 0)
  choix : à 10 mm de la prédiction au plus   95 appliqués · 0 faux / 91 jugés · écartés 0 (justes 0, faux 0, non jugés 0)
