lot pilote-p34-4.7.11 128 s

natif

pilote
  choice · 1 appui            2 décidés · 0 faux / 1 jugés 
  choice · 2 appuis           2 décidés · 0 faux / 2 jugés 
  first-pass · 0 appui       29 décidés · 0 faux / 28 jugés 
  first-pass · 1 appui       10 décidés · 0 faux / 10 jugés 
  first-pass · 2 appuis      17 décidés · 0 faux / 17 jugés 
  window · 1 appui            1 décidés · 0 faux / 1 jugés 

tout
  choice · 1 appui            2 décidés · 0 faux / 1 jugés 
  choice · 2 appuis           2 décidés · 0 faux / 2 jugés 
  first-pass · 0 appui       29 décidés · 0 faux / 28 jugés 
  first-pass · 1 appui       10 décidés · 0 faux / 10 jugés 
  first-pass · 2 appuis      17 décidés · 0 faux / 17 jugés 
  window · 1 appui            1 décidés · 0 faux / 1 jugés 

règles, natif
  actuelle                                   0 appliqués · 0 faux / 0 jugés · écartés 0 (justes 0, faux 0, non jugés 0)
  choix : 2 appuis au moins                  0 appliqués · 0 faux / 0 jugés · écartés 0 (justes 0, faux 0, non jugés 0)
  choix : à 10 mm de la prédiction au plus   0 appliqués · 0 faux / 0 jugés · écartés 0 (justes 0, faux 0, non jugés 0)

règles, pilote
  actuelle                                   61 appliqués · 0 faux / 59 jugés · écartés 0 (justes 0, faux 0, non jugés 0)
  choix : 2 appuis au moins                  59 appliqués · 0 faux / 58 jugés · écartés 2 (justes 1, faux 0, non jugés 1)
  choix : à 10 mm de la prédiction au plus   61 appliqués · 0 faux / 59 jugés · écartés 0 (justes 0, faux 0, non jugés 0)

règles, tout
  actuelle                                   61 appliqués · 0 faux / 59 jugés · écartés 0 (justes 0, faux 0, non jugés 0)
  choix : 2 appuis au moins                  59 appliqués · 0 faux / 58 jugés · écartés 2 (justes 1, faux 0, non jugés 1)
  choix : à 10 mm de la prédiction au plus   61 appliqués · 0 faux / 59 jugés · écartés 0 (justes 0, faux 0, non jugés 0)
