lot pilote-p34-4.7.11 128 s

natif

pilote
  choice · 1 appui            7 décidés · 0 faux / 6 jugés 
  choice · 2 appuis           7 décidés · 0 faux / 7 jugés 
  first-pass · 0 appui       29 décidés · 0 faux / 28 jugés 
  first-pass · 1 appui       10 décidés · 0 faux / 10 jugés 
  first-pass · 2 appuis      18 décidés · 0 faux / 18 jugés 
  window · 1 appui            1 décidés · 0 faux / 1 jugés 
  window · 2 appuis           1 décidés · 0 faux / 1 jugés 

tout
  choice · 1 appui            7 décidés · 0 faux / 6 jugés 
  choice · 2 appuis           7 décidés · 0 faux / 7 jugés 
  first-pass · 0 appui       29 décidés · 0 faux / 28 jugés 
  first-pass · 1 appui       10 décidés · 0 faux / 10 jugés 
  first-pass · 2 appuis      18 décidés · 0 faux / 18 jugés 
  window · 1 appui            1 décidés · 0 faux / 1 jugés 
  window · 2 appuis           1 décidés · 0 faux / 1 jugés 

règles, natif
  actuelle                                   0 appliqués · 0 faux / 0 jugés · écartés 0 (justes 0, faux 0, non jugés 0)
  choix : 2 appuis au moins                  0 appliqués · 0 faux / 0 jugés · écartés 0 (justes 0, faux 0, non jugés 0)
  choix : à 10 mm de la prédiction au plus   0 appliqués · 0 faux / 0 jugés · écartés 0 (justes 0, faux 0, non jugés 0)

règles, pilote
  actuelle                                   73 appliqués · 0 faux / 71 jugés · écartés 0 (justes 0, faux 0, non jugés 0)
  choix : 2 appuis au moins                  66 appliqués · 0 faux / 65 jugés · écartés 7 (justes 6, faux 0, non jugés 1)
  choix : à 10 mm de la prédiction au plus   73 appliqués · 0 faux / 71 jugés · écartés 0 (justes 0, faux 0, non jugés 0)

règles, tout
  actuelle                                   73 appliqués · 0 faux / 71 jugés · écartés 0 (justes 0, faux 0, non jugés 0)
  choix : 2 appuis au moins                  66 appliqués · 0 faux / 65 jugés · écartés 7 (justes 6, faux 0, non jugés 1)
  choix : à 10 mm de la prédiction au plus   73 appliqués · 0 faux / 71 jugés · écartés 0 (justes 0, faux 0, non jugés 0)
