lot pilote-p2-4.7.18 25 s
lot pilote-p3-4.7.18 52 s

natif

pilote
  choice · 1 appui           18 décidés · 1 faux / 13 jugés pilote-p2-4.7.18:773 (13.14 mm)
  choice · 2 appuis           6 décidés · 0 faux / 4 jugés 
  crossing · 0 appui          8 décidés · 0 faux / 6 jugés 
  crossing · 1 appui          1 décidés · 0 faux / 1 jugés 
  first-pass · 0 appui       40 décidés · 1 faux / 29 jugés pilote-p2-4.7.18:772 (14.86 mm)
  first-pass · 1 appui        8 décidés · 0 faux / 6 jugés 
  first-pass · 2 appuis      14 décidés · 0 faux / 13 jugés 
  window · 1 appui            4 décidés · 0 faux / 2 jugés 
  window · 2 appuis           3 décidés · 0 faux / 2 jugés 

tout
  choice · 1 appui           18 décidés · 1 faux / 13 jugés pilote-p2-4.7.18:773 (13.14 mm)
  choice · 2 appuis           6 décidés · 0 faux / 4 jugés 
  crossing · 0 appui          8 décidés · 0 faux / 6 jugés 
  crossing · 1 appui          1 décidés · 0 faux / 1 jugés 
  first-pass · 0 appui       40 décidés · 1 faux / 29 jugés pilote-p2-4.7.18:772 (14.86 mm)
  first-pass · 1 appui        8 décidés · 0 faux / 6 jugés 
  first-pass · 2 appuis      14 décidés · 0 faux / 13 jugés 
  window · 1 appui            4 décidés · 0 faux / 2 jugés 
  window · 2 appuis           3 décidés · 0 faux / 2 jugés 

règles, natif
  actuelle                                   0 appliqués · 0 faux / 0 jugés · écartés 0 (justes 0, faux 0, non jugés 0)
  choix : 2 appuis au moins                  0 appliqués · 0 faux / 0 jugés · écartés 0 (justes 0, faux 0, non jugés 0)
  choix : à 10 mm de la prédiction au plus   0 appliqués · 0 faux / 0 jugés · écartés 0 (justes 0, faux 0, non jugés 0)

règles, pilote
  actuelle                                   102 appliqués · 2 faux / 76 jugés · écartés 0 (justes 0, faux 0, non jugés 0)
  choix : 2 appuis au moins                  84 appliqués · 1 faux / 63 jugés · écartés 18 (justes 12, faux 1, non jugés 5)
  choix : à 10 mm de la prédiction au plus   101 appliqués · 2 faux / 75 jugés · écartés 1 (justes 1, faux 0, non jugés 0)

règles, tout
  actuelle                                   102 appliqués · 2 faux / 76 jugés · écartés 0 (justes 0, faux 0, non jugés 0)
  choix : 2 appuis au moins                  84 appliqués · 1 faux / 63 jugés · écartés 18 (justes 12, faux 1, non jugés 5)
  choix : à 10 mm de la prédiction au plus   101 appliqués · 2 faux / 75 jugés · écartés 1 (justes 1, faux 0, non jugés 0)
