natif natif-p24 164 s
natif natif-p30 50 s
natif natif-p2-7801 9 s

natif
  choice · 1 appui           14 décidés · 0 faux / 8 jugés 
  choice · 2 appuis          14 décidés · 0 faux / 12 jugés 
  crossing · 0 appui          5 décidés · 0 faux / 3 jugés 
  first-pass · 0 appui       43 décidés · 0 faux / 35 jugés 
  first-pass · 1 appui       39 décidés · 0 faux / 25 jugés 
  first-pass · 2 appuis      63 décidés · 0 faux / 56 jugés 
  window · 1 appui            5 décidés · 0 faux / 3 jugés 
  window · 2 appuis           9 décidés · 0 faux / 7 jugés 

pilote

tout
  choice · 1 appui           14 décidés · 0 faux / 8 jugés 
  choice · 2 appuis          14 décidés · 0 faux / 12 jugés 
  crossing · 0 appui          5 décidés · 0 faux / 3 jugés 
  first-pass · 0 appui       43 décidés · 0 faux / 35 jugés 
  first-pass · 1 appui       39 décidés · 0 faux / 25 jugés 
  first-pass · 2 appuis      63 décidés · 0 faux / 56 jugés 
  window · 1 appui            5 décidés · 0 faux / 3 jugés 
  window · 2 appuis           9 décidés · 0 faux / 7 jugés 

règles, natif
  actuelle                                   192 appliqués · 0 faux / 149 jugés · écartés 0 (justes 0, faux 0, non jugés 0)
  choix : 2 appuis au moins                  178 appliqués · 0 faux / 141 jugés · écartés 14 (justes 8, faux 0, non jugés 6)
  choix : à 10 mm de la prédiction au plus   191 appliqués · 0 faux / 148 jugés · écartés 1 (justes 1, faux 0, non jugés 0)

règles, pilote
  actuelle                                   0 appliqués · 0 faux / 0 jugés · écartés 0 (justes 0, faux 0, non jugés 0)
  choix : 2 appuis au moins                  0 appliqués · 0 faux / 0 jugés · écartés 0 (justes 0, faux 0, non jugés 0)
  choix : à 10 mm de la prédiction au plus   0 appliqués · 0 faux / 0 jugés · écartés 0 (justes 0, faux 0, non jugés 0)

règles, tout
  actuelle                                   192 appliqués · 0 faux / 149 jugés · écartés 0 (justes 0, faux 0, non jugés 0)
  choix : 2 appuis au moins                  178 appliqués · 0 faux / 141 jugés · écartés 14 (justes 8, faux 0, non jugés 6)
  choix : à 10 mm de la prédiction au plus   191 appliqués · 0 faux / 148 jugés · écartés 1 (justes 1, faux 0, non jugés 0)
