lot pilote-p2-4.7.18 24 s
lot pilote-p3-4.7.18 51 s

natif

pilote
  choice · 1 appui           14 décidés · 0 faux / 12 jugés 
  choice · 2 appuis          10 décidés · 1 faux / 6 jugés pilote-p2-4.7.18:773 (13.22 mm)
  crossing · 0 appui          8 décidés · 0 faux / 6 jugés 
  first-pass · 0 appui       37 décidés · 0 faux / 27 jugés 
  first-pass · 1 appui       11 décidés · 1 faux / 8 jugés pilote-p2-4.7.18:772 (14.86 mm)
  first-pass · 2 appuis      14 décidés · 0 faux / 13 jugés 
  window · 1 appui            6 décidés · 0 faux / 3 jugés 
  window · 2 appuis           3 décidés · 0 faux / 2 jugés 

tout
  choice · 1 appui           14 décidés · 0 faux / 12 jugés 
  choice · 2 appuis          10 décidés · 1 faux / 6 jugés pilote-p2-4.7.18:773 (13.22 mm)
  crossing · 0 appui          8 décidés · 0 faux / 6 jugés 
  first-pass · 0 appui       37 décidés · 0 faux / 27 jugés 
  first-pass · 1 appui       11 décidés · 1 faux / 8 jugés pilote-p2-4.7.18:772 (14.86 mm)
  first-pass · 2 appuis      14 décidés · 0 faux / 13 jugés 
  window · 1 appui            6 décidés · 0 faux / 3 jugés 
  window · 2 appuis           3 décidés · 0 faux / 2 jugés 

règles, natif
  actuelle                                   0 appliqués · 0 faux / 0 jugés · écartés 0 (justes 0, faux 0, non jugés 0)
  choix : 2 appuis au moins                  0 appliqués · 0 faux / 0 jugés · écartés 0 (justes 0, faux 0, non jugés 0)
  choix : à 10 mm de la prédiction au plus   0 appliqués · 0 faux / 0 jugés · écartés 0 (justes 0, faux 0, non jugés 0)

règles, pilote
  actuelle                                   103 appliqués · 2 faux / 77 jugés · écartés 0 (justes 0, faux 0, non jugés 0)
  choix : 2 appuis au moins                  89 appliqués · 2 faux / 65 jugés · écartés 14 (justes 12, faux 0, non jugés 2)
  choix : à 10 mm de la prédiction au plus   101 appliqués · 2 faux / 75 jugés · écartés 2 (justes 2, faux 0, non jugés 0)

règles, tout
  actuelle                                   103 appliqués · 2 faux / 77 jugés · écartés 0 (justes 0, faux 0, non jugés 0)
  choix : 2 appuis au moins                  89 appliqués · 2 faux / 65 jugés · écartés 14 (justes 12, faux 0, non jugés 2)
  choix : à 10 mm de la prédiction au plus   101 appliqués · 2 faux / 75 jugés · écartés 2 (justes 2, faux 0, non jugés 0)
